// Jest Snapshot v1, https://goo.gl/fbAQLP

exports[`Telloyes Component renders the UI as expected 1`] = `
<div
  className="App-list"
/>
`;
